// Jest Snapshot v1, https://goo.gl/fbAQLP

exports[`Prueba component - GifGrid  GifGrid - snapshot 1`] = `
<Fragment>
  <h3
    className="animate__animated animate__fadeIn"
  >
    dragon
  </h3>
  <div
    className="card-grid"
  />
</Fragment>
`;
